.next/types/validator.ts(620,39): error TS2307: Cannot find module '../../app/admin/sales/page.js' or its corresponding type declarations.
.next/types/validator.ts(1025,39): error TS2307: Cannot find module '../../app/api/admin/sales/route.js' or its corresponding type declarations.
app/(customer)/compare/CompareClient.tsx(161,9): error TS2304: Cannot find name 'openAccordions'.
app/(customer)/compare/CompareClient.tsx(162,7): error TS2304: Cannot find name 'setOpenAccordions'.
app/(customer)/compare/CompareClient.tsx(162,25): error TS2304: Cannot find name 'openAccordions'.
app/(customer)/compare/CompareClient.tsx(162,47): error TS7006: Parameter 't' implicitly has an 'any' type.
app/(customer)/compare/CompareClient.tsx(164,7): error TS2304: Cannot find name 'setOpenAccordions'.
app/(customer)/compare/CompareClient.tsx(164,29): error TS2304: Cannot find name 'openAccordions'.
app/(customer)/compare/CompareClient.tsx(332,122): error TS2339: Property 'basePrice' does not exist on type 'Vehicle'.
app/(customer)/compare/CompareClient.tsx(566,104): error TS2339: Property 'basePrice' does not exist on type 'Vehicle'.
app/(customer)/compare/page.tsx(9,31): error TS2820: Type '"MOTORCYCLES"' is not assignable to type 'VehicleCategory'. Did you mean '"MOTORCYCLE"'?
app/(customer)/compare/page.tsx(9,46): error TS2820: Type '"SCOOTERS"' is not assignable to type 'VehicleCategory'. Did you mean '"SCOOTER"'?
app/(customer)/compare/page.tsx(10,53): error TS2353: Object literal may only specify known properties, and 'price' does not exist in type 'VehicleMasterSelect<DefaultArgs>'.
app/(customer)/compare/page.tsx(19,25): error TS2322: Type '({ brand: string; name: string; id: string; createdAt: Date; updatedAt: Date; category: VehicleCategory; basePrice: number; imageUrl: string; description: string | null; specifications: JsonValue; features: JsonValue; } | { ...; })[]' is not assignable to type 'Vehicle[]'.
  Type '{ brand: string; name: string; id: string; createdAt: Date; updatedAt: Date; category: VehicleCategory; basePrice: number; imageUrl: string; description: string | null; specifications: JsonValue; features: JsonValue; } | { ...; }' is not assignable to type 'Vehicle'.
    Property 'price' is missing in type '{ brand: string; name: string; id: string; createdAt: Date; updatedAt: Date; category: $Enums.VehicleCategory; basePrice: number; imageUrl: string; description: string | null; specifications: JsonValue | null; features: JsonValue | null; }' but required in type 'Vehicle'.
app/(customer)/finance/page.tsx(7,9): error TS2353: Object literal may only specify known properties, and 'vehicleVariant' does not exist in type 'FinancePlanOrderByWithRelationInput'.
app/(customer)/finance/page.tsx(8,9): error TS2353: Object literal may only specify known properties, and 'name' does not exist in type 'FinancePlanOrderByWithRelationInput'.
app/(customer)/finance/page.tsx(15,14): error TS2820: Type '"MOTORCYCLES"' is not assignable to type 'VehicleCategory'. Did you mean '"MOTORCYCLE"'?
app/(customer)/finance/page.tsx(15,29): error TS2820: Type '"SCOOTERS"' is not assignable to type 'VehicleCategory'. Did you mean '"SCOOTER"'?
app/(customer)/finance/page.tsx(22,19): error TS2339: Property 'name' does not exist on type '{ id: string; createdAt: Date; updatedAt: Date; insurance: number; interestRate: number; variantId: string; tenureMonths: number; downPaymentPct: number; downPayment: number; loanAmount: number; ... 4 more ...; totalCost: number; }'.
app/(customer)/finance/page.tsx(23,16): error TS2339: Property 'name' does not exist on type '{ id: string; createdAt: Date; updatedAt: Date; insurance: number; interestRate: number; variantId: string; tenureMonths: number; downPaymentPct: number; downPayment: number; loanAmount: number; ... 4 more ...; totalCost: number; }'.
app/(customer)/finance/page.tsx(25,14): error TS2339: Property 'name' does not exist on type '{ id: string; createdAt: Date; updatedAt: Date; insurance: number; interestRate: number; variantId: string; tenureMonths: number; downPaymentPct: number; downPayment: number; loanAmount: number; ... 4 more ...; totalCost: number; }'.
app/(customer)/finance/page.tsx(98,22): error TS2339: Property 'name' does not exist on type '{ modelName: string; category: any; minPrice: number; minEmi: any; defaultDpPct: any; defaultTenure: any; imageUrl: string; plans: any[]; }'.
app/(customer)/finance/page.tsx(99,22): error TS2339: Property 'name' does not exist on type '{ modelName: string; category: any; minPrice: number; minEmi: any; defaultDpPct: any; defaultTenure: any; imageUrl: string; plans: any[]; }'.
app/(customer)/fuel-calculator/page.tsx(8,31): error TS2820: Type '"MOTORCYCLES"' is not assignable to type 'VehicleCategory'. Did you mean '"MOTORCYCLE"'?
app/(customer)/fuel-calculator/page.tsx(8,46): error TS2820: Type '"SCOOTERS"' is not assignable to type 'VehicleCategory'. Did you mean '"SCOOTER"'?
app/(customer)/fuel-calculator/page.tsx(9,53): error TS2353: Object literal may only specify known properties, and 'price' does not exist in type 'VehicleMasterSelect<DefaultArgs>'.
app/(customer)/fuel-calculator/page.tsx(12,32): error TS2322: Type '{ name: string; id: string; createdAt: Date; updatedAt: Date; category: VehicleCategory; basePrice: number; imageUrl: string; description: string | null; specifications: JsonValue; features: JsonValue; }[]' is not assignable to type 'Vehicle[]'.
  Property 'price' is missing in type '{ name: string; id: string; createdAt: Date; updatedAt: Date; category: VehicleCategory; basePrice: number; imageUrl: string; description: string | null; specifications: JsonValue; features: JsonValue; }' but required in type 'Vehicle'.
app/(customer)/page.tsx(49,27): error TS2353: Object literal may only specify known properties, and 'price' does not exist in type 'VehicleMasterSelect<DefaultArgs>'.
app/(customer)/page.tsx(62,53): error TS2339: Property 'price' does not exist on type '{ name: string; id: string; createdAt: Date; updatedAt: Date; category: VehicleCategory; basePrice: number; imageUrl: string; description: string | null; specifications: JsonValue; features: JsonValue; }'.
app/(customer)/page.tsx(91,21): error TS2339: Property 'price' does not exist on type '{ name: string; id: string; createdAt: Date; updatedAt: Date; category: VehicleCategory; basePrice: number; imageUrl: string; description: string | null; specifications: JsonValue; features: JsonValue; }'.
app/(customer)/price-list/page.tsx(127,40): error TS2339: Property 'basePrice' does not exist on type '{ model: string; cc: string; category: string; price: number; }'.
app/(customer)/price-list/page.tsx(173,40): error TS2339: Property 'basePrice' does not exist on type '{ model: string; type: string; output: string; price: number; }'.
app/(customer)/shop/page.tsx(15,23): error TS2322: Type '{ name: string; id: string; createdAt: Date; updatedAt: Date; category: VehicleCategory; basePrice: number; imageUrl: string; description: string | null; specifications: JsonValue; features: JsonValue; }[]' is not assignable to type 'Product[]'.
  Property 'price' is missing in type '{ name: string; id: string; createdAt: Date; updatedAt: Date; category: VehicleCategory; basePrice: number; imageUrl: string; description: string | null; specifications: JsonValue; features: JsonValue; }' but required in type 'Product'.
app/(customer)/vehicles/[slug]/BigWingProductPageClient.tsx(153,45): error TS2339: Property 'basePrice' does not exist on type 'ProductData'.
app/(customer)/vehicles/[slug]/BigWingProductPageClient.tsx(202,103): error TS2339: Property 'basePrice' does not exist on type 'ProductData'.
app/(customer)/vehicles/[slug]/ProductPageClient.tsx(151,45): error TS2339: Property 'basePrice' does not exist on type 'ProductData'.
app/(customer)/vehicles/[slug]/ProductPageClient.tsx(159,102): error TS2339: Property 'basePrice' does not exist on type 'ProductData'.
app/(customer)/vehicles/[slug]/ProductPageClient.tsx(206,103): error TS2339: Property 'basePrice' does not exist on type 'ProductData'.
app/(customer)/vehicles/[slug]/page.tsx(303,36): error TS2339: Property 'price' does not exist on type '{ name: string; id: string; createdAt: Date; updatedAt: Date; category: VehicleCategory; basePrice: number; imageUrl: string; description: string | null; specifications: JsonValue; features: JsonValue; }'.
app/(customer)/vehicles/[slug]/page.tsx(304,44): error TS2339: Property 'price' does not exist on type '{ name: string; id: string; createdAt: Date; updatedAt: Date; category: VehicleCategory; basePrice: number; imageUrl: string; description: string | null; specifications: JsonValue; features: JsonValue; }'.
app/(customer)/vehicles/[slug]/page.tsx(310,36): error TS2339: Property 'price' does not exist on type '{ name: string; id: string; createdAt: Date; updatedAt: Date; category: VehicleCategory; basePrice: number; imageUrl: string; description: string | null; specifications: JsonValue; features: JsonValue; }'.
app/(customer)/vehicles/[slug]/page.tsx(311,44): error TS2339: Property 'price' does not exist on type '{ name: string; id: string; createdAt: Date; updatedAt: Date; category: VehicleCategory; basePrice: number; imageUrl: string; description: string | null; specifications: JsonValue; features: JsonValue; }'.
app/(customer)/vehicles/[slug]/page.tsx(329,36): error TS2339: Property 'price' does not exist on type '{ name: string; id: string; createdAt: Date; updatedAt: Date; category: VehicleCategory; basePrice: number; imageUrl: string; description: string | null; specifications: JsonValue; features: JsonValue; }'.
app/(customer)/vehicles/[slug]/page.tsx(330,44): error TS2339: Property 'price' does not exist on type '{ name: string; id: string; createdAt: Date; updatedAt: Date; category: VehicleCategory; basePrice: number; imageUrl: string; description: string | null; specifications: JsonValue; features: JsonValue; }'.
app/(customer)/vehicles/[slug]/page.tsx(336,36): error TS2339: Property 'price' does not exist on type '{ name: string; id: string; createdAt: Date; updatedAt: Date; category: VehicleCategory; basePrice: number; imageUrl: string; description: string | null; specifications: JsonValue; features: JsonValue; }'.
app/(customer)/vehicles/[slug]/page.tsx(337,44): error TS2339: Property 'price' does not exist on type '{ name: string; id: string; createdAt: Date; updatedAt: Date; category: VehicleCategory; basePrice: number; imageUrl: string; description: string | null; specifications: JsonValue; features: JsonValue; }'.
app/(customer)/vehicles/[slug]/page.tsx(360,36): error TS2339: Property 'price' does not exist on type '{ name: string; id: string; createdAt: Date; updatedAt: Date; category: VehicleCategory; basePrice: number; imageUrl: string; description: string | null; specifications: JsonValue; features: JsonValue; }'.
app/(customer)/vehicles/[slug]/page.tsx(361,38): error TS2339: Property 'price' does not exist on type '{ name: string; id: string; createdAt: Date; updatedAt: Date; category: VehicleCategory; basePrice: number; imageUrl: string; description: string | null; specifications: JsonValue; features: JsonValue; }'.
app/(customer)/vehicles/[slug]/page.tsx(367,36): error TS2339: Property 'price' does not exist on type '{ name: string; id: string; createdAt: Date; updatedAt: Date; category: VehicleCategory; basePrice: number; imageUrl: string; description: string | null; specifications: JsonValue; features: JsonValue; }'.
app/(customer)/vehicles/[slug]/page.tsx(368,38): error TS2339: Property 'price' does not exist on type '{ name: string; id: string; createdAt: Date; updatedAt: Date; category: VehicleCategory; basePrice: number; imageUrl: string; description: string | null; specifications: JsonValue; features: JsonValue; }'.
app/admin/crm/test-rides/TestRidesClient.tsx(8,3): error TS2300: Duplicate identifier 'name'.
app/admin/crm/test-rides/TestRidesClient.tsx(10,3): error TS2300: Duplicate identifier 'name'.
app/admin/dashboard/page.tsx(48,15): error TS2353: Object literal may only specify known properties, and 'name' does not exist in type 'VehicleInventorySelect<DefaultArgs>'.
app/admin/dashboard/page.tsx(53,15): error TS2551: Property 'branch' does not exist on type '{ id: string; createdAt: Date; updatedAt: Date; status: VehicleStatus; branchId: string | null; indexNo: string | null; vin: string; engineNo: string; color: string; ... 5 more ...; purchaseInvoiceId: string | null; }'. Did you mean 'branchId'?
app/admin/dashboard/page.tsx(53,50): error TS2551: Property 'branch' does not exist on type '{ id: string; createdAt: Date; updatedAt: Date; status: VehicleStatus; branchId: string | null; indexNo: string | null; vin: string; engineNo: string; color: string; ... 5 more ...; purchaseInvoiceId: string | null; }'. Did you mean 'branchId'?
app/admin/dashboard/page.tsx(60,30): error TS2551: Property 'branch' does not exist on type '{ id: string; createdAt: Date; updatedAt: Date; status: VehicleStatus; branchId: string | null; indexNo: string | null; vin: string; engineNo: string; color: string; ... 5 more ...; purchaseInvoiceId: string | null; }'. Did you mean 'branchId'?
app/admin/dashboard/page.tsx(61,26): error TS2339: Property 'name' does not exist on type '{ id: string; createdAt: Date; updatedAt: Date; status: VehicleStatus; branchId: string | null; indexNo: string | null; vin: string; engineNo: string; color: string; ... 5 more ...; purchaseInvoiceId: string | null; }'.
app/admin/dashboard/page.tsx(61,48): error TS2339: Property 'name' does not exist on type '{ id: string; createdAt: Date; updatedAt: Date; status: VehicleStatus; branchId: string | null; indexNo: string | null; vin: string; engineNo: string; color: string; ... 5 more ...; purchaseInvoiceId: string | null; }'.
app/admin/dashboard/page.tsx(62,26): error TS2339: Property 'name' does not exist on type '{ id: string; createdAt: Date; updatedAt: Date; status: VehicleStatus; branchId: string | null; indexNo: string | null; vin: string; engineNo: string; color: string; ... 5 more ...; purchaseInvoiceId: string | null; }'.
app/admin/dashboard/page.tsx(63,25): error TS2339: Property 'name' does not exist on type '{ id: string; createdAt: Date; updatedAt: Date; status: VehicleStatus; branchId: string | null; indexNo: string | null; vin: string; engineNo: string; color: string; ... 5 more ...; purchaseInvoiceId: string | null; }'.
app/admin/dashboard/page.tsx(64,47): error TS2339: Property 'name' does not exist on type '{ id: string; createdAt: Date; updatedAt: Date; status: VehicleStatus; branchId: string | null; indexNo: string | null; vin: string; engineNo: string; color: string; ... 5 more ...; purchaseInvoiceId: string | null; }'.
app/admin/dashboard/page.tsx(65,25): error TS2339: Property 'name' does not exist on type '{ id: string; createdAt: Date; updatedAt: Date; status: VehicleStatus; branchId: string | null; indexNo: string | null; vin: string; engineNo: string; color: string; ... 5 more ...; purchaseInvoiceId: string | null; }'.
app/admin/dashboard/page.tsx(67,21): error TS2339: Property 'name' does not exist on type '{ id: string; createdAt: Date; updatedAt: Date; status: VehicleStatus; branchId: string | null; indexNo: string | null; vin: string; engineNo: string; color: string; ... 5 more ...; purchaseInvoiceId: string | null; }'.
app/admin/dashboard/page.tsx(112,30): error TS2339: Property 'name' does not exist on type '{ id: string; createdAt: Date; updatedAt: Date; status: VehicleStatus; branchId: string | null; indexNo: string | null; vin: string; engineNo: string; color: string; ... 5 more ...; purchaseInvoiceId: string | null; }'.
app/admin/finance/FinancePlansManager.tsx(5,15): error TS2305: Module '"@prisma/client"' has no exported member 'FinancePlan'.
app/admin/inventory/ProductTable.tsx(54,28): error TS2339: Property 'basePrice' does not exist on type 'Product'.
app/admin/inventory/ProductTable.tsx(156,32): error TS2339: Property 'basePrice' does not exist on type 'Product'.
app/admin/inventory/spare-parts/SparePartsClient.tsx(158,88): error TS2322: Type '{ className: string; title: string; }' is not assignable to type 'IntrinsicAttributes & Omit<LucideProps, "ref"> & RefAttributes<SVGSVGElement>'.
  Property 'title' does not exist on type 'IntrinsicAttributes & Omit<LucideProps, "ref"> & RefAttributes<SVGSVGElement>'.
app/admin/inventory/transfer/page.tsx(66,105): error TS2339: Property 'name' does not exist on type '{ id: string; createdAt: Date; updatedAt: Date; status: VehicleStatus; branchId: string | null; indexNo: string | null; vin: string; engineNo: string; color: string; ... 5 more ...; purchaseInvoiceId: string | null; }'.
app/admin/prices/PricesAdminClient.tsx(29,13): error TS2339: Property 'name' does not exist on type '{ id: string; createdAt: Date; updatedAt: Date; vehicleMasterId: string; variantName: string; exShowroomPriceNPR: number; onRoadPriceNPR: number; }'.
app/admin/prices/PricesAdminClient.tsx(30,13): error TS2339: Property 'variant' does not exist on type '{ id: string; createdAt: Date; updatedAt: Date; vehicleMasterId: string; variantName: string; exShowroomPriceNPR: number; onRoadPriceNPR: number; }'.
app/admin/prices/PricesAdminClient.tsx(47,21): error TS2339: Property 'name' does not exist on type '{ id: string; createdAt: Date; updatedAt: Date; vehicleMasterId: string; variantName: string; exShowroomPriceNPR: number; onRoadPriceNPR: number; }'.
app/admin/prices/PricesAdminClient.tsx(48,24): error TS2339: Property 'variant' does not exist on type '{ id: string; createdAt: Date; updatedAt: Date; vehicleMasterId: string; variantName: string; exShowroomPriceNPR: number; onRoadPriceNPR: number; }'.
app/admin/prices/PricesAdminClient.tsx(49,25): error TS2339: Property 'category' does not exist on type '{ id: string; createdAt: Date; updatedAt: Date; vehicleMasterId: string; variantName: string; exShowroomPriceNPR: number; onRoadPriceNPR: number; }'.
app/admin/prices/PricesAdminClient.tsx(151,103): error TS2339: Property 'name' does not exist on type '{ id: string; createdAt: Date; updatedAt: Date; vehicleMasterId: string; variantName: string; exShowroomPriceNPR: number; onRoadPriceNPR: number; }'.
app/admin/prices/PricesAdminClient.tsx(152,95): error TS2339: Property 'variant' does not exist on type '{ id: string; createdAt: Date; updatedAt: Date; vehicleMasterId: string; variantName: string; exShowroomPriceNPR: number; onRoadPriceNPR: number; }'.
app/admin/prices/PricesAdminClient.tsx(155,30): error TS2339: Property 'category' does not exist on type '{ id: string; createdAt: Date; updatedAt: Date; vehicleMasterId: string; variantName: string; exShowroomPriceNPR: number; onRoadPriceNPR: number; }'.
app/admin/prices/PricesAdminClient.tsx(159,39): error TS2339: Property 'name' does not exist on type '{ id: string; createdAt: Date; updatedAt: Date; vehicleMasterId: string; variantName: string; exShowroomPriceNPR: number; onRoadPriceNPR: number; }'.
app/admin/prices/PricesAdminClient.tsx(159,82): error TS2339: Property 'name' does not exist on type '{ id: string; createdAt: Date; updatedAt: Date; vehicleMasterId: string; variantName: string; exShowroomPriceNPR: number; onRoadPriceNPR: number; }'.
app/admin/prices/PricesManager.tsx(5,10): error TS2305: Module '"@/app/generated/prisma"' has no exported member 'Vehicle'.
app/admin/prices/PricesManager.tsx(74,9): error TS2820: Type '"POWER_PRODUCTS"' is not assignable to type 'VehicleCategory | undefined'. Did you mean '"POWER_PRODUCT"'?
app/admin/prices/PricesManager.tsx(259,29): error TS2339: Property 'price' does not exist on type '{ name: string; id: string; createdAt: Date; updatedAt: Date; category: VehicleCategory; basePrice: number; imageUrl: string; description: string | null; specifications: JsonValue; features: JsonValue; }'.
app/admin/prices/PricesManager.tsx(478,67): error TS2322: Type 'string' is not assignable to type 'VehicleCategory | undefined'.
app/admin/prices/PricesManager.tsx(492,38): error TS2339: Property 'price' does not exist on type 'Partial<{ name: string; id: string; createdAt: Date; updatedAt: Date; category: VehicleCategory; basePrice: number; imageUrl: string; description: string | null; specifications: JsonValue; features: JsonValue; }>'.
app/admin/prices/PricesManager.tsx(493,67): error TS2353: Object literal may only specify known properties, and 'price' does not exist in type 'Partial<{ name: string; id: string; createdAt: Date; updatedAt: Date; category: VehicleCategory; basePrice: number; imageUrl: string; description: string | null; specifications: JsonValue; features: JsonValue; }> | ((prevState: Partial<...> | null) => Partial<...> | null)'.
app/admin/prices/page.tsx(9,5): error TS2322: Type '("modelName" | "category")[]' is not assignable to type 'VehicleInventoryScalarFieldEnum | VehicleInventoryScalarFieldEnum[]'.
  Type '("modelName" | "category")[]' is not assignable to type 'VehicleInventoryScalarFieldEnum[]'.
    Type '"modelName" | "category"' is not assignable to type 'VehicleInventoryScalarFieldEnum'.
      Type '"modelName"' is not assignable to type 'VehicleInventoryScalarFieldEnum'.
app/admin/prices/page.tsx(18,16): error TS2353: Object literal may only specify known properties, and 'name' does not exist in type 'VehicleVariantWhereInput'.
app/admin/prices/page.tsx(18,26): error TS2339: Property 'name' does not exist on type 'PickEnumerable<VehicleInventoryGroupByOutputType, VehicleInventoryScalarFieldEnum | VehicleInventoryScalarFieldEnum[]> & { ...; }'.
app/admin/prices/page.tsx(24,11): error TS2353: Object literal may only specify known properties, and 'name' does not exist in type '((Without<VehicleVariantCreateInput, VehicleVariantUncheckedCreateInput> & VehicleVariantUncheckedCreateInput) | (Without<...> & VehicleVariantCreateInput)) & object'.
app/admin/prices/page.tsx(24,21): error TS2339: Property 'name' does not exist on type 'PickEnumerable<VehicleInventoryGroupByOutputType, VehicleInventoryScalarFieldEnum | VehicleInventoryScalarFieldEnum[]> & { ...; }'.
app/admin/prices/page.tsx(25,25): error TS2339: Property 'category' does not exist on type 'PickEnumerable<VehicleInventoryGroupByOutputType, VehicleInventoryScalarFieldEnum | VehicleInventoryScalarFieldEnum[]> & { ...; }'.
app/admin/prices/page.tsx(25,58): error TS2339: Property 'category' does not exist on type 'PickEnumerable<VehicleInventoryGroupByOutputType, VehicleInventoryScalarFieldEnum | VehicleInventoryScalarFieldEnum[]> & { ...; }'.
app/admin/prices/page.tsx(25,87): error TS2339: Property 'category' does not exist on type 'PickEnumerable<VehicleInventoryGroupByOutputType, VehicleInventoryScalarFieldEnum | VehicleInventoryScalarFieldEnum[]> & { ...; }'.
app/admin/prices/page.tsx(39,9): error TS18048: 'agg._avg' is possibly 'undefined'.
app/admin/prices/page.tsx(40,22): error TS2339: Property 'name' does not exist on type 'PickEnumerable<VehicleInventoryGroupByOutputType, VehicleInventoryScalarFieldEnum | VehicleInventoryScalarFieldEnum[]> & { ...; }'.
app/admin/prices/page.tsx(40,30): error TS18048: 'agg._avg' is possibly 'undefined'.
app/admin/products/ProductManager.tsx(63,24): error TS2339: Property 'basePrice' does not exist on type 'Product'.
app/admin/products/ProductManager.tsx(225,70): error TS2339: Property 'basePrice' does not exist on type 'Product'.
app/admin/sales-calendar/CalendarClient.tsx(148,36): error TS1345: An expression of type 'void' cannot be tested for truthiness.
app/api/admin/accessories/route.ts(45,9): error TS2322: Type 'string' is not assignable to type 'StockStatus | undefined'.
app/api/admin/accessories/route.ts(100,9): error TS2322: Type 'string' is not assignable to type 'StockStatus | EnumStockStatusFieldUpdateOperationsInput | undefined'.
app/api/admin/blogs/route.ts(37,9): error TS2322: Type 'string | null' is not assignable to type 'string'.
  Type 'null' is not assignable to type 'string'.
app/api/admin/blogs/route.ts(94,9): error TS2322: Type 'string | null' is not assignable to type 'string | StringFieldUpdateOperationsInput | undefined'.
  Type 'null' is not assignable to type 'string | StringFieldUpdateOperationsInput | undefined'.
app/api/admin/crm/customers/route.ts(44,62): error TS2339: Property 'name' does not exist on type '{ id: string; createdAt: Date; updatedAt: Date; status: VehicleStatus; branchId: string | null; indexNo: string | null; vin: string; engineNo: string; color: string; ... 5 more ...; purchaseInvoiceId: string | null; }'.
app/api/admin/crm/customers/route.ts(55,26): error TS2339: Property 'citizenshipVerified' does not exist on type '{ sales: ({ vehicle: { id: string; createdAt: Date; updatedAt: Date; status: VehicleStatus; branchId: string | null; indexNo: string | null; vin: string; engineNo: string; ... 6 more ...; purchaseInvoiceId: string | null; }; } & { ...; })[]; } & { ...; }'.
app/api/admin/crm/customers/route.ts(56,22): error TS2551: Property 'licenseVerified' does not exist on type '{ sales: ({ vehicle: { id: string; createdAt: Date; updatedAt: Date; status: VehicleStatus; branchId: string | null; indexNo: string | null; vin: string; engineNo: string; ... 6 more ...; purchaseInvoiceId: string | null; }; } & { ...; })[]; } & { ...; }'. Did you mean 'isVerified'?
app/api/admin/crm/customers/route.ts(57,25): error TS2339: Property 'nationalIdVerified' does not exist on type '{ sales: ({ vehicle: { id: string; createdAt: Date; updatedAt: Date; status: VehicleStatus; branchId: string | null; indexNo: string | null; vin: string; engineNo: string; ... 6 more ...; purchaseInvoiceId: string | null; }; } & { ...; })[]; } & { ...; }'.
app/api/admin/crm/deliveries/route.ts(24,18): error TS2353: Object literal may only specify known properties, and 'deliveryDate' does not exist in type 'DeliveryOrderByWithRelationInput | DeliveryOrderByWithRelationInput[]'.
app/api/admin/crm/referrals/route.ts(17,36): error TS2339: Property 'referralCode' does not exist on type 'PrismaClient<PrismaClientOptions, never, DefaultArgs>'.
app/api/admin/crm/referrals/route.ts(41,35): error TS2339: Property 'referralCode' does not exist on type 'PrismaClient<PrismaClientOptions, never, DefaultArgs>'.
app/api/admin/crm/service/route.ts(15,7): error TS2322: Type '{ status: string; } | { status?: undefined; }' is not assignable to type 'ServiceBookingWhereInput | undefined'.
  Type '{ status: string; }' is not assignable to type 'ServiceBookingWhereInput'.
    Types of property 'status' are incompatible.
      Type 'string' is not assignable to type 'BookingStatus | EnumBookingStatusFilter<"ServiceBooking"> | undefined'.
app/api/admin/crm/test-rides/route.ts(15,7): error TS2322: Type '{ status: string; } | { status?: undefined; }' is not assignable to type 'TestRideBookingWhereInput | undefined'.
  Type '{ status: string; }' is not assignable to type 'TestRideBookingWhereInput'.
    Types of property 'status' are incompatible.
      Type 'string' is not assignable to type 'BookingStatus | EnumBookingStatusFilter<"TestRideBooking"> | undefined'.
app/api/admin/crm/test-rides/route.ts(56,9): error TS1117: An object literal cannot have multiple properties with the same name.
app/api/admin/crm/valuations/route.ts(19,7): error TS2322: Type '{ customer: { select: { fullName: true; phone: true; }; }; }' is not assignable to type 'never'.
app/api/admin/customers/search/route.ts(19,13): error TS2353: Object literal may only specify known properties, and 'citizenshipNumber' does not exist in type 'CustomerWhereInput'.
app/api/admin/customers/search/route.ts(20,13): error TS2353: Object literal may only specify known properties, and 'licenseNumber' does not exist in type 'CustomerWhereInput'.
app/api/admin/customers/search/route.ts(28,9): error TS2353: Object literal may only specify known properties, and 'citizenshipNumber' does not exist in type 'CustomerSelect<DefaultArgs>'.
app/api/admin/finance/applications/route.ts(11,39): error TS2339: Property 'financeApplication' does not exist on type 'PrismaClient<PrismaClientOptions, never, DefaultArgs>'.
app/api/admin/finance/applications/route.ts(37,38): error TS2339: Property 'financeApplication' does not exist on type 'PrismaClient<PrismaClientOptions, never, DefaultArgs>'.
app/api/admin/finance/route.ts(21,9): error TS2353: Object literal may only specify known properties, and 'name' does not exist in type '((Without<FinancePlanCreateInput, FinancePlanUncheckedCreateInput> & FinancePlanUncheckedCreateInput) | (Without<...> & FinancePlanCreateInput)) & object'.
app/api/admin/finance/route.ts(52,9): error TS2353: Object literal may only specify known properties, and 'name' does not exist in type '((Without<FinancePlanUpdateInput, FinancePlanUncheckedUpdateInput> & FinancePlanUncheckedUpdateInput) | (Without<...> & FinancePlanUpdateInput)) & object'.
app/api/admin/inventory/branch-stock/route.ts(38,15): error TS2339: Property 'modelName' does not exist on type '{ branch: { name: string; } | null; } & { id: string; createdAt: Date; updatedAt: Date; status: VehicleStatus; branchId: string | null; indexNo: string | null; ... 8 more ...; purchaseInvoiceId: string | null; }'.
app/api/admin/inventory/branch-stock/route.ts(92,29): error TS2339: Property 'name' does not exist on type '{ modelName: string; colors: { colorName: string; branches: Record<string, number>; total: number; }[]; totals: Record<string, number>; }'.
app/api/admin/inventory/branch-stock/route.ts(92,50): error TS2339: Property 'name' does not exist on type '{ modelName: string; colors: { colorName: string; branches: Record<string, number>; total: number; }[]; totals: Record<string, number>; }'.
app/api/admin/inventory/purchase-invoices/route.ts(21,31): error TS2353: Object literal may only specify known properties, and 'name' does not exist in type 'VehicleInventorySelect<DefaultArgs>'.
app/api/admin/inventory/purchase-invoices/route.ts(42,9): error TS2353: Object literal may only specify known properties, and 'supplierName' does not exist in type '((Without<PurchaseInvoiceCreateInput, PurchaseInvoiceUncheckedCreateInput> & PurchaseInvoiceUncheckedCreateInput) | (Without<...> & PurchaseInvoiceCreateInput)) & object'.
app/api/admin/inventory/purchase-invoices/route.ts(79,15): error TS2353: Object literal may only specify known properties, and 'status' does not exist in type '((Without<PurchaseInvoiceUpdateInput, PurchaseInvoiceUncheckedUpdateInput> & PurchaseInvoiceUncheckedUpdateInput) | (Without<...> & PurchaseInvoiceUpdateInput)) & object'.
app/api/admin/inventory/purchase-invoices/route.ts(93,25): error TS2339: Property 'status' does not exist on type '{ id: string; createdAt: Date; updatedAt: Date; invoiceNo: string; invoiceDate: Date | null; totalAmount: number; purchaseType: string; }'.
app/api/admin/inventory/route.ts(75,31): error TS2339: Property 'price' does not exist on type '{ name: string; id: string; createdAt: Date; updatedAt: Date; category: VehicleCategory; basePrice: number; imageUrl: string; description: string | null; specifications: JsonValue; features: JsonValue; }'.
app/api/admin/inventory/save-parsed/route.ts(104,34): error TS2339: Property 'name' does not exist on type '{ id: string; createdAt: Date; updatedAt: Date; status: VehicleStatus; branchId: string | null; indexNo: string | null; vin: string; engineNo: string; color: string; ... 5 more ...; purchaseInvoiceId: string | null; }'.
app/api/admin/inventory/search-vin/route.ts(40,9): error TS2353: Object literal may only specify known properties, and 'name' does not exist in type 'VehicleVariantWhereInput'.
app/api/admin/inventory/search-vin/route.ts(41,27): error TS2339: Property 'name' does not exist on type '{ id: string; createdAt: Date; updatedAt: Date; status: VehicleStatus; branchId: string | null; indexNo: string | null; vin: string; engineNo: string; color: string; ... 5 more ...; purchaseInvoiceId: string | null; }'.
app/api/admin/inventory/search-vin/route.ts(54,24): error TS2339: Property 'name' does not exist on type '{ id: string; createdAt: Date; updatedAt: Date; status: VehicleStatus; branchId: string | null; indexNo: string | null; vin: string; engineNo: string; color: string; ... 5 more ...; purchaseInvoiceId: string | null; }'.
app/api/admin/inventory/search-vin/route.ts(56,27): error TS2339: Property 'category' does not exist on type '{ id: string; createdAt: Date; updatedAt: Date; status: VehicleStatus; branchId: string | null; indexNo: string | null; vin: string; engineNo: string; color: string; ... 5 more ...; purchaseInvoiceId: string | null; }'.
app/api/admin/inventory/spare-parts/route.ts(43,9): error TS2353: Object literal may only specify known properties, and 'description' does not exist in type '((Without<SparePartCreateInput, SparePartUncheckedCreateInput> & SparePartUncheckedCreateInput) | (Without<...> & SparePartCreateInput)) & object'.
app/api/admin/prices/route.ts(11,9): error TS2353: Object literal may only specify known properties, and 'modelName' does not exist in type '((Without<VehicleVariantCreateInput, VehicleVariantUncheckedCreateInput> & VehicleVariantUncheckedCreateInput) | (Without<...> & VehicleVariantCreateInput)) & object'.
app/api/admin/prices/route.ts(38,9): error TS2353: Object literal may only specify known properties, and 'modelName' does not exist in type '((Without<VehicleVariantUpdateInput, VehicleVariantUncheckedUpdateInput> & VehicleVariantUncheckedUpdateInput) | (Without<...> & VehicleVariantUpdateInput)) & object'.
app/api/admin/products/route.ts(51,9): error TS2322: Type 'string' is not assignable to type 'VehicleCategory'.
app/api/admin/sales-calendar/route.ts(67,29): error TS2339: Property 'name' does not exist on type '{ id: string; createdAt: Date; updatedAt: Date; status: VehicleStatus; branchId: string | null; indexNo: string | null; vin: string; engineNo: string; color: string; ... 5 more ...; purchaseInvoiceId: string | null; }'.
app/api/admin/settings/roles/users/route.ts(82,9): error TS2367: This comparison appears to be unintentional because the types 'UserRole | undefined' and '"SUPERADMIN"' have no overlap.
app/api/admin/settings/service-charges/route.ts(26,9): error TS2353: Object literal may only specify known properties, and 'serviceType' does not exist in type '((Without<ServiceChargeCreateInput, ServiceChargeUncheckedCreateInput> & ServiceChargeUncheckedCreateInput) | (Without<...> & ServiceChargeCreateInput)) & object'.
app/api/admin/settings/staff/route.ts(41,7): error TS2322: Type '{ name: any; phone: any; role: any; accountNo: any; panNo: any; lastSalary: number | null; order: number; }' is not assignable to type '((Without<StaffCreateInput, StaffUncheckedCreateInput> & StaffUncheckedCreateInput) | (Without<...> & StaffCreateInput)) & object'.
  Type '{ name: any; phone: any; role: any; accountNo: any; panNo: any; lastSalary: number | null; order: number; }' is not assignable to type 'Without<StaffUncheckedCreateInput, StaffCreateInput> & StaffCreateInput & object'.
    Property 'user' is missing in type '{ name: any; phone: any; role: any; accountNo: any; panNo: any; lastSalary: number | null; order: number; }' but required in type 'StaffCreateInput'.
app/api/admin/staff/seed/route.ts(39,58): error TS2322: Type '{ name: string; accountNo: string; panNo: string; order: number; }' is not assignable to type '((Without<StaffCreateInput, StaffUncheckedCreateInput> & StaffUncheckedCreateInput) | (Without<...> & StaffCreateInput)) & object'.
  Type '{ name: string; accountNo: string; panNo: string; order: number; }' is not assignable to type 'Without<StaffUncheckedCreateInput, StaffCreateInput> & StaffCreateInput & object'.
    Property 'user' is missing in type '{ name: string; accountNo: string; panNo: string; order: number; }' but required in type 'StaffCreateInput'.
app/api/admin/vehicle-inventory/route.ts(15,29): error TS2353: Object literal may only specify known properties, and 'price' does not exist in type 'VehicleMasterSelect<DefaultArgs>'.
app/api/admin/vehicle-inventory/route.ts(21,61): error TS2339: Property 'name' does not exist on type '{ id: string; createdAt: Date; updatedAt: Date; status: VehicleStatus; branchId: string | null; indexNo: string | null; vin: string; engineNo: string; color: string; ... 5 more ...; purchaseInvoiceId: string | null; }'.
app/api/admin/vehicle-inventory/route.ts(23,52): error TS2339: Property 'price' does not exist on type '{ name: string; id: string; createdAt: Date; updatedAt: Date; category: VehicleCategory; basePrice: number; imageUrl: string; description: string | null; specifications: JsonValue; features: JsonValue; }'.
app/api/admin/vehicle-inventory/route.ts(29,36): error TS2339: Property 'colors' does not exist on type '{ name: string; id: string; createdAt: Date; updatedAt: Date; category: VehicleCategory; basePrice: number; imageUrl: string; description: string | null; specifications: JsonValue; features: JsonValue; }'.
app/api/admin/vehicle-inventory/route.ts(29,48): error TS7006: Parameter 'c' implicitly has an 'any' type.
app/api/admin/vehicle-inventory/route.ts(44,14): error TS2339: Property 'name' does not exist on type '{ sellingPrice: any; daysInStock: number; hexCode: any; id: string; createdAt: Date; updatedAt: Date; status: VehicleStatus; branchId: string | null; indexNo: string | null; ... 8 more ...; purchaseInvoiceId: string | null; }'.
app/api/chat/route.ts(64,17): error TS2353: Object literal may only specify known properties, and 'cc' does not exist in type 'VehicleMasterSelect<DefaultArgs>'.
app/api/chat/route.ts(75,33): error TS2322: Type '{ OR: ({ name: { contains: string; mode: "insensitive"; }; } | { category: { contains: string; mode: string; }; } | { description: { contains: string; mode: "insensitive"; }; })[]; } | undefined' is not assignable to type 'VehicleMasterWhereInput | undefined'.
  Type '{ OR: ({ name: { contains: string; mode: "insensitive"; }; } | { category: { contains: string; mode: string; }; } | { description: { contains: string; mode: "insensitive"; }; })[]; }' is not assignable to type 'VehicleMasterWhereInput'.
    Types of property 'OR' are incompatible.
      Type '({ name: { contains: string; mode: "insensitive"; }; } | { category: { contains: string; mode: string; }; } | { description: { contains: string; mode: "insensitive"; }; })[]' is not assignable to type 'VehicleMasterWhereInput[]'.
        Type '{ name: { contains: string; mode: "insensitive"; }; } | { category: { contains: string; mode: string; }; } | { description: { contains: string; mode: "insensitive"; }; }' is not assignable to type 'VehicleMasterWhereInput'.
          Type '{ category: { contains: string; mode: string; }; }' is not assignable to type 'VehicleMasterWhereInput'.
            Types of property 'category' are incompatible.
              Object literal may only specify known properties, and 'contains' does not exist in type 'EnumVehicleCategoryFilter<"VehicleMaster">'.
app/api/chat/route.ts(82,17): error TS2353: Object literal may only specify known properties, and 'price' does not exist in type 'VehicleMasterSelect<DefaultArgs>'.
app/api/cron/service-reminders/route.ts(21,9): error TS2353: Object literal may only specify known properties, and 'isCompleted' does not exist in type 'ServiceReminderWhereInput'.
app/api/cron/service-reminders/route.ts(31,109): error TS2551: Property 'vehicleVin' does not exist on type '{ id: string; createdAt: Date; updatedAt: Date; customerId: string; vehicleId: string; serviceType: string; status: ReminderStatus; dueDate: Date; }'. Did you mean 'vehicleId'?
app/api/cron/service-reminders/route.ts(36,17): error TS2353: Object literal may only specify known properties, and 'notifiedVia' does not exist in type '((Without<ServiceReminderUpdateInput, ServiceReminderUncheckedUpdateInput> & ServiceReminderUncheckedUpdateInput) | (Without<...> & ServiceReminderUpdateInput)) & object'.
app/api/download/[type]/[id]/route.ts(58,43): error TS2353: Object literal may only specify known properties, and 'price' does not exist in type 'VehicleMasterSelect<DefaultArgs>'.
app/api/download/[type]/[id]/route.ts(67,5): error TS2367: This comparison appears to be unintentional because the types 'VehicleCategory' and '"SCOOTERS"' have no overlap.
app/api/download/[type]/[id]/route.ts(69,9): error TS2367: This comparison appears to be unintentional because the types 'VehicleCategory' and '"MOTORCYCLES"' have no overlap.
app/api/finance-application/route.ts(25,45): error TS2339: Property 'name' does not exist on type '{ id: string; fullName: string | null; phone: string; email: string | null; passwordHash: string | null; role: UserRole; avatarUrl: string | null; address: string | null; gender: Gender | null; ... 4 more ...; updatedAt: Date; }'.
app/api/finance-application/route.ts(36,38): error TS2339: Property 'financeApplication' does not exist on type 'PrismaClient<PrismaClientOptions, never, DefaultArgs>'.
app/api/finance-application/route.ts(54,9): error TS2322: Type '"FINANCE"' is not assignable to type 'NotificationType'.
app/api/finance-plans/route.ts(19,11): error TS2353: Object literal may only specify known properties, and 'name' does not exist in type 'FinancePlanOrderByWithRelationInput'.
app/api/leads/route.ts(43,7): error TS2322: Type 'string' is not assignable to type '"NEW_LEAD" | "TEST_RIDE" | "AMC_BOOKING" | "SERVICE_BOOKING"'.
app/api/test-ride/route.ts(15,7): error TS2322: Type '{ name: any; phone: any; preferredDate: Date; timeSlot: any; notes: any; }' is not assignable to type '((Without<TestRideBookingCreateInput, TestRideBookingUncheckedCreateInput> & TestRideBookingUncheckedCreateInput) | (Without<...> & TestRideBookingCreateInput)) & object'.
  Type '{ name: any; phone: any; preferredDate: Date; timeSlot: any; notes: any; }' is not assignable to type 'Without<TestRideBookingUncheckedCreateInput, TestRideBookingCreateInput> & TestRideBookingCreateInput & object'.
    Property 'modelName' is missing in type '{ name: any; phone: any; preferredDate: Date; timeSlot: any; notes: any; }' but required in type 'TestRideBookingCreateInput'.
app/api/test-ride/route.ts(18,9): error TS1117: An object literal cannot have multiple properties with the same name.
components/CategoryCarousel.tsx(153,41): error TS2339: Property 'basePrice' does not exist on type 'Product'.
components/ShopClient.tsx(161,35): error TS2339: Property 'basePrice' does not exist on type '{ cc: number; id: string; name: string; category: string; price: number; imageUrl: string; description: string | null; }'.
components/ShopClient.tsx(161,67): error TS2339: Property 'basePrice' does not exist on type '{ cc: number; id: string; name: string; category: string; price: number; imageUrl: string; description: string | null; }'.
components/ShopClient.tsx(310,39): error TS2339: Property 'basePrice' does not exist on type '{ cc: number; id: string; name: string; category: string; price: number; imageUrl: string; description: string | null; }'.
components/admin/BrochurePDF.tsx(114,58): error TS2339: Property 'basePrice' does not exist on type '{ model: string; brand: string; price: number; year: number; type: string; engineSize?: string | undefined; mileage?: string | undefined; }'.
components/admin/letters/DynamicForm.tsx(116,21): error TS7006: Parameter 'prev' implicitly has an 'any' type.
lib/utils/financeEngine.ts(66,35): error TS2339: Property 'baseInsurance' does not exist on type '{ name: string; id: string; createdAt: Date; updatedAt: Date; category: VehicleCategory; basePrice: number; imageUrl: string; description: string | null; specifications: JsonValue; features: JsonValue; }'.
middleware.ts(42,26): error TS2339: Property 'ip' does not exist on type 'NextRequest'.
prisma/seed-accessories.ts(79,7): error TS2322: Type '{ name: string; partNo: string; category: string; price: number; imageUrl: string; description: string; stockStatus: string; vehicleType: string; compatibility: string[]; }' is not assignable to type '((Without<AccessoryCreateInput, AccessoryUncheckedCreateInput> & AccessoryUncheckedCreateInput) | (Without<...> & AccessoryCreateInput)) & object'.
  Type '{ name: string; partNo: string; category: string; price: number; imageUrl: string; description: string; stockStatus: string; vehicleType: string; compatibility: string[]; }' is not assignable to type 'Without<AccessoryUncheckedCreateInput, AccessoryCreateInput> & AccessoryCreateInput & object'.
    Type '{ name: string; partNo: string; category: string; price: number; imageUrl: string; description: string; stockStatus: string; vehicleType: string; compatibility: string[]; }' is not assignable to type 'AccessoryCreateInput'.
      Types of property 'stockStatus' are incompatible.
        Type 'string' is not assignable to type 'StockStatus | undefined'.
prisma/seed-finance.ts(1098,9): error TS2353: Object literal may only specify known properties, and 'modelName_tenureMonths_downPaymentPct' does not exist in type 'FinancePlanWhereUniqueInput'.
prisma/seed-finance.ts(1099,22): error TS2339: Property 'name' does not exist on type '{ modelName: string; cc: number; category: string; vehicleVariant: number; tenureMonths: number; downPaymentPct: number; interestRate: number; downPayment: number; loanAmount: number; emi: number; ... 4 more ...; insuranceTotal: null; } | { ...; }'.
  Property 'name' does not exist on type '{ modelName: string; cc: number; category: string; vehicleVariant: number; tenureMonths: number; downPaymentPct: number; interestRate: number; downPayment: number; loanAmount: number; emi: number; ... 4 more ...; insuranceTotal: null; }'.
prisma/seed-finance.ts(1105,7): error TS2322: Type '{ modelName: string; cc: number; category: string; vehicleVariant: number; tenureMonths: number; downPaymentPct: number; interestRate: number; downPayment: number; loanAmount: number; emi: number; ... 4 more ...; insuranceTotal: null; } | { ...; }' is not assignable to type '((Without<FinancePlanCreateInput, FinancePlanUncheckedCreateInput> & FinancePlanUncheckedCreateInput) | (Without<...> & FinancePlanCreateInput)) & object'.
  Type '{ modelName: string; cc: number; category: string; vehicleVariant: number; tenureMonths: number; downPaymentPct: number; interestRate: number; downPayment: number; loanAmount: number; emi: number; ... 4 more ...; insuranceTotal: null; }' is not assignable to type '((Without<FinancePlanCreateInput, FinancePlanUncheckedCreateInput> & FinancePlanUncheckedCreateInput) | (Without<...> & FinancePlanCreateInput)) & object'.
    Type '{ modelName: string; cc: number; category: string; vehicleVariant: number; tenureMonths: number; downPaymentPct: number; interestRate: number; downPayment: number; loanAmount: number; emi: number; ... 4 more ...; insuranceTotal: null; }' is not assignable to type 'Without<FinancePlanUncheckedCreateInput, FinancePlanCreateInput> & FinancePlanCreateInput & object'.
      Property 'variant' is missing in type '{ modelName: string; cc: number; category: string; vehicleVariant: number; tenureMonths: number; downPaymentPct: number; interestRate: number; downPayment: number; loanAmount: number; emi: number; ... 4 more ...; insuranceTotal: null; }' but required in type 'FinancePlanCreateInput'.
